C51 COMPILER V9.60.7.0   DEBUG                                                             02/26/2025 17:57:48 PAGE 1   


C51 COMPILER V9.60.7.0, COMPILATION OF MODULE DEBUG
OBJECT MODULE PLACED IN .\Release\Objects\debug.obj
COMPILER INVOKED BY: C:\Keil_v5\C51\BIN\C51.EXE ..\..\Libraries\Source\debug.c OPTIMIZE(9,SIZE) BROWSE INTVECTOR(0X8000)
                    - INCDIR(..\..\Libraries\Include;..\..\User;..\..\Hardware;..\..\App) INTERVAL(3) DEBUG OBJECTEXTEND PRINT(.\Release\List
                    -ings\debug.lst) OBJECT(.\Release\Objects\debug.obj)

line level    source

   1          /**
   2           ******************************************************************************
   3           * @file    debug.c
   4           * @author  HUGE-IC Application Team
   5           * @version V1.0.0
   6           * @date    01-05-2021
   7           * @brief   Main program body
   8           ******************************************************************************
   9           * @attention
  10           *
  11           * <h2><center>&copy; COPYRIGHT 2021 HUGE-IC</center></h2>
  12           *
  13           *
  14           *
  15           ******************************************************************************
  16           */
  17          
  18          /* Includes ------------------------------------------------------------------*/
  19          #include "include.h"
  20          #include "my_config.h"
  21          
  22          /** @addtogroup Template_Project
  23           * @{
  24           */
  25          
  26          /* Private typedef -----------------------------------------------------------*/
  27          /* Private define ------------------------------------------------------------*/
  28          /* Private macro -------------------------------------------------------------*/
  29          /* Private variables ---------------------------------------------------------*/
  30          /* Private function prototypes -----------------------------------------------*/
  31          /* Private functions ---------------------------------------------------------*/
  32          
  33          /**
  34           * @brief  Delay function
  35           * @param  cnt : the number of cnt to delay
  36           * @retval None
  37           */
  38          void delay(u16 cnt)
  39          {
  40   1          while (cnt--)
  41   1          {
  42   2          }
  43   1      }
  44          
  45          /**
  46           * @brief  Delay function
  47           * @param  ms : the number of ms to delay
  48           * @retval None
  49           */
  50          void delay_ms(u16 ms)
  51          {
  52   1          while (ms--)
  53   1          {
C51 COMPILER V9.60.7.0   DEBUG                                                             02/26/2025 17:57:48 PAGE 2   

  54   2              delay(1662);
  55   2          }
  56   1      }
  57          
  58          #if USE_MY_DEBUG
              /**
               * @brief  Debug puchar function
               * @param  uart_data : Data that needs to be sent
               * @retval None
               */
              void debug_putchar(u8 uart_data)
              {
                  while (!(UART0_STA & (1 << 4)))
                      ;
                  UART0_DATA = uart_data;
                  while (!(UART0_STA & (1 << 4)))
                      ;
              }
              
              // 重写putchar()函数
              char putchar(char c)
              {
                  debug_putchar(c);
                  return c;
              }
              
              /**
               * @brief  Debug initialization function
               * @param  None
               * @retval None
               */
              void debug_init(void)
              {
                  u8 i = 0;
              
                  // UART0 IO : TX--P13(AF3)
                  P1_MD0 &= ~0xC0;
                  P1_MD0 |= 0x80;
                  P1_AF0 |= 0xC0;
              
                  while (!(UART0_STA & (1 << 4)))
                      ;
              
                  UART0_BAUD1 = (((SYSCLK - DEBUG_BAUD) / DEBUG_BAUD) >> 8) & 0xFF;
                  UART0_BAUD0 = ((SYSCLK - DEBUG_BAUD) / DEBUG_BAUD) & 0xFF;
                  UART0_CON = 0x10;
              }
              #endif
 102          
 103          // /**
 104          //  * @brief  Debug User printf function
 105          //  * @param  p_data : The string to send
 106          //  * @retval None
 107          //  */
 108          // void user_printf(char *p_data)
 109          // {
 110          //     while (*p_data != '\0')
 111          //     {
 112          //         debug_putchar(*p_data++);
 113          //     }
 114          // }
 115          
C51 COMPILER V9.60.7.0   DEBUG                                                             02/26/2025 17:57:48 PAGE 3   

 116          /*************************** (C) COPYRIGHT 2021 HUGE-IC ***** END OF FILE *****/


MODULE INFORMATION:   STATIC OVERLAYABLE
   CODE SIZE        =     35    ----
   CONSTANT SIZE    =   ----    ----
   XDATA SIZE       =   ----    ----
   PDATA SIZE       =   ----    ----
   DATA SIZE        =   ----    ----
   IDATA SIZE       =   ----    ----
   BIT SIZE         =   ----    ----
END OF MODULE INFORMATION.


C51 COMPILATION COMPLETE.  0 WARNING(S),  0 ERROR(S)
